camel-quarkus
camel-quarkus-avro
camel-quarkus-avro-deployment
camel-quarkus-avro-parent
camel-quarkus-bom
camel-quarkus-bom-test
camel-quarkus-build-parent
camel-quarkus-build-parent-it
camel-quarkus-catalog
camel-quarkus-core
camel-quarkus-core-deployment
camel-quarkus-core-parent
camel-quarkus-direct
camel-quarkus-direct-deployment
camel-quarkus-direct-parent
camel-quarkus-extensions
camel-quarkus-extensions-core
camel-quarkus-integration-test-avro
camel-quarkus-integration-tests
camel-quarkus-maven-plugin
camel-quarkus-poms
camel-quarkus-tooling
