<?xml version="1.0" encoding="UTF-8"?>
<project xmlns:xsi="http://www.w3.org/2001/XMLSchema-instance" xmlns="http://maven.apache.org/POM/4.0.0"
         xsi:schemaLocation="http://maven.apache.org/POM/4.0.0 http://maven.apache.org/xsd/maven-4.0.0.xsd">
    <modelVersion>4.0.0</modelVersion>
    <parent>
        <groupId>org.apache.camel.quarkus</groupId>
        <artifactId>grand-parent</artifactId>
        <version>0.1-SNAPSHOT</version>
        <relativePath>../../pom.xml</relativePath>
    </parent>
    <artifactId>runtime-bom</artifactId>
    <packaging>pom</packaging>

    <modules>
        <module>foo</module>

        <!-- extensions a..z; do not remove this comment, it is important when sorting via  mvn process-resources -Pformat -->
        <module>mod1</module>
        <module>mod2</module>
        <module>mod3</module>
    </modules>

</project>
