[
  {
    "title": "Health",
    "description": "Shows how to use Camel health-checks with Quarkus.",
    "link": "https://github.com/apache/camel-quarkus-examples/tree/main/health"
  },
  {
    "title": "Tokenize a CSV file",
    "description": "Shows how to define a Camel route in XML for tokenizing a CSV a file.",
    "link": "https://github.com/apache/camel-quarkus-examples/tree/main/file-split-log-xml"
  }
]