<project xmlns="http://maven.apache.org/POM/4.0.0" xmlns:xsi="http://www.w3.org/2001/XMLSchema-instance" xsi:schemaLocation="http://maven.apache.org/POM/4.0.0 http://maven.apache.org/xsd/maven-4.0.0.xsd">

    <modelVersion>4.0.0</modelVersion>
    <parent>
        <groupId>org.apache.camel.quarkus</groupId>
        <artifactId>camel-quarkus</artifactId>
        <version>0.1-SNAPSHOT</version>
        <relativePath>../pom.xml</relativePath>
    </parent>

    <artifactId>camel-quarkus-integration-tests-jvm</artifactId>
    <packaging>pom</packaging>

    <name>Camel Quarkus :: Integration Tests :: JVM</name>

    <modules>
    </modules>
</project>