camel-avro
camel-catalog
camel-dependencies
camel-direct
