<?xml version="1.0" encoding="UTF-8"?>
<!--

    Licensed to the Apache Software Foundation (ASF) under one or more
    contributor license agreements.  See the NOTICE file distributed with
    this work for additional information regarding copyright ownership.
    The ASF licenses this file to You under the Apache License, Version 2.0
    (the "License"); you may not use this file except in compliance with
    the License.  You may obtain a copy of the License at

         http://www.apache.org/licenses/LICENSE-2.0

    Unless required by applicable law or agreed to in writing, software
    distributed under the License is distributed on an "AS IS" BASIS,
    WITHOUT WARRANTIES OR CONDITIONS OF ANY KIND, either express or implied.
    See the License for the specific language governing permissions and
    limitations under the License.

-->
<project xmlns="http://maven.apache.org/POM/4.0.0" xmlns:xsi="http://www.w3.org/2001/XMLSchema-instance" xsi:schemaLocation="http://maven.apache.org/POM/4.0.0 http://maven.apache.org/maven-v4_0_0.xsd">
    <modelVersion>4.0.0</modelVersion>

    <parent>
        <groupId>org.apache.camel.quarkus</groupId>
        <artifactId>camel-quarkus-build-parent</artifactId>
        <version>2.2.0-SNAPSHOT</version>
        <relativePath>../poms/build-parent/pom.xml</relativePath>
    </parent>

    <artifactId>camel-quarkus-product</artifactId>
    <packaging>pom</packaging>

    <name>Camel Quarkus :: Product</name>

    <modules>
        <module>integration-tests-mixed-jvm</module>
        <module>integration-tests-mixed-native</module>
    </modules>

    <build>
        <plugins>
            <plugin>
                <groupId>org.codehaus.gmaven</groupId>
                <artifactId>groovy-maven-plugin</artifactId>
                <executions>
                    <execution>
                        <id>update-antora-config</id>
                        <goals>
                            <goal>execute</goal>
                        </goals>
                        <phase>generate-resources</phase>
                        <configuration>
                            <source>file://${project.basedir}/src/main/groovy/generate-camel-quarkus-product-json.groovy</source>
                            <properties>
                                <maven.multiModuleProjectDirectory>${maven.multiModuleProjectDirectory}</maven.multiModuleProjectDirectory>
                            </properties>
                        </configuration>
                    </execution>
                </executions>
            </plugin>
            <plugin>
                <groupId>org.codehaus.mojo</groupId>
                <artifactId>build-helper-maven-plugin</artifactId>
                <version>${build-helper-maven-plugin.version}</version>
                <executions>
                    <execution>
                        <id>attach-product-json</id>
                        <phase>package</phase>
                        <goals>
                            <goal>attach-artifact</goal>
                        </goals>
                        <configuration>
                            <artifacts>
                                <artifact>
                                    <file>${project.build.directory}/camel-quarkus-product.json</file>
                                    <type>json</type>
                                </artifact>
                            </artifacts>
                        </configuration>
                    </execution>
                </executions>
            </plugin>
        </plugins>
    </build>
</project>
