:camel-quarkus-asn1
:camel-quarkus-asn1-deployment
:camel-quarkus-asn1-integration-test
:camel-quarkus-asn1-parent
:camel-quarkus-bom-test
:camel-quarkus-build-parent-it
:camel-quarkus-core-cloud
:camel-quarkus-core-cloud-deployment
:camel-quarkus-core-cloud-parent
:camel-quarkus-extensions-jvm
:camel-quarkus-extensions-support
:camel-quarkus-product
:camel-quarkus-support-common
:camel-quarkus-support-common-deployment
:camel-quarkus-support-common-parent
:camel-quarkus-support-commons-logging
:camel-quarkus-support-commons-logging-deployment
:camel-quarkus-support-commons-logging-parent
:camel-quarkus-test-list
